[mycolor.space/index.html]
[mycolor.space/favicon5.png]
[backblue.gif]
[fade.gif]
[index.html]
[mycolor.space/gradient3.html]
[mycolor.space/img/color-space-logo.png]
[mycolor.space/gradient.html]
[mycolor.space/contact.html]
[mycolor.space/info.html]
[mycolor.space/img/color-scheme-left.svg]
[mycolor.space/img/color-scheme-right.svg]
[mycolor.space/js/jquery.min.js]
[mycolor.space/js/jqColorPicker.min.js]
[mycolor.space/js/scrollreveal.min.js]
[mycolor.space/js/main.js]
[www.google-analytics.com/analytics.js]
[mycolor.space/css/font-awesome/css/font-awesome.min.css]
[mycolor.space/css/stylesheet.css]
[mycolor.space/index.html]
[mycolor.space/gradient3.html]
[mycolor.space/gradient.html]
[mycolor.space/contact.html]
[mycolor.space/info.html]
[mycolor.space/img/color-scheme-left.svg]
[mycolor.space/img/color-scheme-right.svg]
[mycolor.space/css/font-awesome/fonts/fontawesome-webfont3e6e.eot]
[mycolor.space/css/font-awesome/fonts/fontawesome-webfontd41d.eot]
[mycolor.space/css/font-awesome/fonts/fontawesome-webfont3e6e.woff]
[mycolor.space/css/font-awesome/fonts/fontawesome-webfont3e6e.ttf]
[mycolor.space/css/font-awesome/css/font-awesome.min.css]
[mycolor.space/css/stylesheet.css]
[mycolor.space/css/font-awesome/fonts/fontawesome-webfont3e6e.html]
[mycolor.space/css/font-awesome/fonts/fontawesome-webfont3e6e.svg]
[mycolor.space/css/font-awesome/fonts/fontawesome-webfont3e6e.svg]
